// Jest Snapshot v1, https://goo.gl/fbAQLP

exports[`render App correctly renders the App snapshot correctly 1`] = `
Object {
  "asFragment": [Function],
  "baseElement": <body>
    <div>
      <header
        class="comments-feed-header"
      >
        <h2
          class="flex-grow-1"
        >
          Comments Feed
        </h2>
        <div
          class="notification"
        >
          <img
            class="pad-10"
            src="notification-icon.png"
          />
          <div
            class="dropdown-content"
            style="display: none;"
          />
        </div>
        <img
          src="add-comment-icon.png"
          style="padding: 10px;"
        />
      </header>
      <main
        class="main-section"
      >
        <div
          class="modal"
          style="display: none;"
        >
          <div
            class="modal-content"
          >
            <span
              class="close"
            >
              ×
            </span>
            <h3
              class="add-comment-heading "
            >
              Add your Comment
            </h3>
            <form
              class="margin-30"
            >
              <label
                for="name"
              >
                Name
              </label>
              <br />
              <input
                class="input-field"
                id="name"
                name="name"
                type="text"
                value=""
              />
              <br />
              <label
                for="message"
              >
                Message
              </label>
              <br />
              <textarea
                class="input-field"
                cols="50"
                id="message"
                name="message"
                rows="4"
              />
               
              <br />
              <div
                class="button-container"
              >
                <button
                  class="add-comment-button pad-10"
                >
                  Add Comment
                </button>
              </div>
            </form>
          </div>
        </div>
      </main>
      <main
        class="main-section"
      />
    </div>
  </body>,
  "container": <div>
    <header
      class="comments-feed-header"
    >
      <h2
        class="flex-grow-1"
      >
        Comments Feed
      </h2>
      <div
        class="notification"
      >
        <img
          class="pad-10"
          src="notification-icon.png"
        />
        <div
          class="dropdown-content"
          style="display: none;"
        />
      </div>
      <img
        src="add-comment-icon.png"
        style="padding: 10px;"
      />
    </header>
    <main
      class="main-section"
    >
      <div
        class="modal"
        style="display: none;"
      >
        <div
          class="modal-content"
        >
          <span
            class="close"
          >
            ×
          </span>
          <h3
            class="add-comment-heading "
          >
            Add your Comment
          </h3>
          <form
            class="margin-30"
          >
            <label
              for="name"
            >
              Name
            </label>
            <br />
            <input
              class="input-field"
              id="name"
              name="name"
              type="text"
              value=""
            />
            <br />
            <label
              for="message"
            >
              Message
            </label>
            <br />
            <textarea
              class="input-field"
              cols="50"
              id="message"
              name="message"
              rows="4"
            />
             
            <br />
            <div
              class="button-container"
            >
              <button
                class="add-comment-button pad-10"
              >
                Add Comment
              </button>
            </div>
          </form>
        </div>
      </div>
    </main>
    <main
      class="main-section"
    />
  </div>,
  "debug": [Function],
  "findAllByAltText": [Function],
  "findAllByDisplayValue": [Function],
  "findAllByLabelText": [Function],
  "findAllByPlaceholderText": [Function],
  "findAllByRole": [Function],
  "findAllByTestId": [Function],
  "findAllByText": [Function],
  "findAllByTitle": [Function],
  "findByAltText": [Function],
  "findByDisplayValue": [Function],
  "findByLabelText": [Function],
  "findByPlaceholderText": [Function],
  "findByRole": [Function],
  "findByTestId": [Function],
  "findByText": [Function],
  "findByTitle": [Function],
  "getAllByAltText": [Function],
  "getAllByDisplayValue": [Function],
  "getAllByLabelText": [Function],
  "getAllByPlaceholderText": [Function],
  "getAllByRole": [Function],
  "getAllByTestId": [Function],
  "getAllByText": [Function],
  "getAllByTitle": [Function],
  "getByAltText": [Function],
  "getByDisplayValue": [Function],
  "getByLabelText": [Function],
  "getByPlaceholderText": [Function],
  "getByRole": [Function],
  "getByTestId": [Function],
  "getByText": [Function],
  "getByTitle": [Function],
  "queryAllByAltText": [Function],
  "queryAllByDisplayValue": [Function],
  "queryAllByLabelText": [Function],
  "queryAllByPlaceholderText": [Function],
  "queryAllByRole": [Function],
  "queryAllByTestId": [Function],
  "queryAllByText": [Function],
  "queryAllByTitle": [Function],
  "queryByAltText": [Function],
  "queryByDisplayValue": [Function],
  "queryByLabelText": [Function],
  "queryByPlaceholderText": [Function],
  "queryByRole": [Function],
  "queryByTestId": [Function],
  "queryByText": [Function],
  "queryByTitle": [Function],
  "rerender": [Function],
  "unmount": [Function],
}
`;
