// Jest Snapshot v1, https://goo.gl/fbAQLP

exports[`render Header correctly renders the Header snapshot correctly 1`] = `
Object {
  "asFragment": [Function],
  "baseElement": <body>
    <div>
      <header
        class="comments-feed-header"
      >
        <h2
          class="flex-grow-1"
        >
          Comments Feed
        </h2>
        <div
          class="notification"
        >
          <img
            class="pad-10"
            src="notification-icon.png"
          />
          <div
            class="dropdown-content"
            style="display: block;"
          />
        </div>
        <img
          src="add-comment-icon.png"
          style="padding: 10px;"
        />
      </header>
    </div>
  </body>,
  "container": <div>
    <header
      class="comments-feed-header"
    >
      <h2
        class="flex-grow-1"
      >
        Comments Feed
      </h2>
      <div
        class="notification"
      >
        <img
          class="pad-10"
          src="notification-icon.png"
        />
        <div
          class="dropdown-content"
          style="display: block;"
        />
      </div>
      <img
        src="add-comment-icon.png"
        style="padding: 10px;"
      />
    </header>
  </div>,
  "debug": [Function],
  "findAllByAltText": [Function],
  "findAllByDisplayValue": [Function],
  "findAllByLabelText": [Function],
  "findAllByPlaceholderText": [Function],
  "findAllByRole": [Function],
  "findAllByTestId": [Function],
  "findAllByText": [Function],
  "findAllByTitle": [Function],
  "findByAltText": [Function],
  "findByDisplayValue": [Function],
  "findByLabelText": [Function],
  "findByPlaceholderText": [Function],
  "findByRole": [Function],
  "findByTestId": [Function],
  "findByText": [Function],
  "findByTitle": [Function],
  "getAllByAltText": [Function],
  "getAllByDisplayValue": [Function],
  "getAllByLabelText": [Function],
  "getAllByPlaceholderText": [Function],
  "getAllByRole": [Function],
  "getAllByTestId": [Function],
  "getAllByText": [Function],
  "getAllByTitle": [Function],
  "getByAltText": [Function],
  "getByDisplayValue": [Function],
  "getByLabelText": [Function],
  "getByPlaceholderText": [Function],
  "getByRole": [Function],
  "getByTestId": [Function],
  "getByText": [Function],
  "getByTitle": [Function],
  "queryAllByAltText": [Function],
  "queryAllByDisplayValue": [Function],
  "queryAllByLabelText": [Function],
  "queryAllByPlaceholderText": [Function],
  "queryAllByRole": [Function],
  "queryAllByTestId": [Function],
  "queryAllByText": [Function],
  "queryAllByTitle": [Function],
  "queryByAltText": [Function],
  "queryByDisplayValue": [Function],
  "queryByLabelText": [Function],
  "queryByPlaceholderText": [Function],
  "queryByRole": [Function],
  "queryByTestId": [Function],
  "queryByText": [Function],
  "queryByTitle": [Function],
  "rerender": [Function],
  "unmount": [Function],
}
`;
